[
    {
        "Week": 1,
        "Begin": "3/1/2020 12:00:00 AM",
        "PlannedTaskHours": 20,
        "CumulativePlannedTaskHours": 20,
        "CumulativePlannedValue":  0.14
    },
    {
        "Week": 2,
        "Begin": "3/8/2020 12:00:00 AM",
        "PlannedTaskHours": 20,
        "CumulativePlannedTaskHours": 40,
        "CumulativePlannedValue": 0.29
    },
    {
        "Week": 3,
        "Begin": "3/15/2020 12:00:00 AM",
        "PlannedTaskHours": 20,
        "CumulativePlannedTaskHours": 60,
        "CumulativePlannedValue": 0.43
    },
    {
        "Week": 4,
        "Begin": "3/22/2020 12:00:00 AM",
        "PlannedTaskHours": 20,
        "CumulativePlannedTaskHours": 80,
        "CumulativePlannedValue": 0.57
    },
    {
        "Week": 5,
        "Begin": "3/29/2020 12:00:00 AM",
        "PlannedTaskHours": 20,
        "CumulativePlannedTaskHours": 100,
        "CumulativePlannedValue": 0.71
    },
    {
        "Week": 6,
        "Begin": "4/5/2020 12:00:00 AM",
        "PlannedTaskHours": 20,
        "CumulativePlannedTaskHours": 120,
        "CumulativePlannedValue": 0.86
    },
    {
        "Week": 7,
        "Begin": "4/12/2020 12:00:00 AM",
        "PlannedTaskHours": 0,
        "CumulativePlannedTaskHours": 120,
        "CumulativePlannedValue": 0.86
    },
    {
        "Week": 8,
        "Begin": "4/19/2020 12:00:00 AM",
        "PlannedTaskHours": 20,
        "CumulativePlannedTaskHours": 140,
        "CumulativePlannedValue": 1
    }
]